{
  "version": "1.5.0",
  "plugins_used": [
    {
      "name": "ArtifactoryDetector"
    },
    {
      "name": "AWSKeyDetector"
    },
    {
      "name": "AzureStorageKeyDetector"
    },
    {
      "name": "Base64HighEntropyString",
      "limit": 4.5
    },
    {
      "name": "BasicAuthDetector"
    },
    {
      "name": "CloudantDetector"
    },
    {
      "name": "DiscordBotTokenDetector"
    },
    {
      "name": "GitHubTokenDetector"
    },
    {
      "name": "GitLabTokenDetector"
    },
    {
      "name": "HexHighEntropyString",
      "limit": 3.0
    },
    {
      "name": "IbmCloudIamDetector"
    },
    {
      "name": "IbmCosHmacDetector"
    },
    {
      "name": "IPPublicDetector"
    },
    {
      "name": "JwtTokenDetector"
    },
    {
      "name": "KeywordDetector",
      "keyword_exclude": ""
    },
    {
      "name": "MailchimpDetector"
    },
    {
      "name": "NpmDetector"
    },
    {
      "name": "OpenAIDetector"
    },
    {
      "name": "PrivateKeyDetector"
    },
    {
      "name": "PypiTokenDetector"
    },
    {
      "name": "SendGridDetector"
    },
    {
      "name": "SlackDetector"
    },
    {
      "name": "SoftlayerDetector"
    },
    {
      "name": "SquareOAuthDetector"
    },
    {
      "name": "StripeDetector"
    },
    {
      "name": "TelegramBotTokenDetector"
    },
    {
      "name": "TwilioKeyDetector"
    }
  ],
  "filters_used": [
    {
      "path": "detect_secrets.filters.allowlist.is_line_allowlisted"
    },
    {
      "path": "detect_secrets.filters.common.is_baseline_file",
      "filename": ".secrets.baseline"
    },
    {
      "path": "detect_secrets.filters.common.is_ignored_due_to_verification_policies",
      "min_level": 2
    },
    {
      "path": "detect_secrets.filters.heuristic.is_indirect_reference"
    },
    {
      "path": "detect_secrets.filters.heuristic.is_likely_id_string"
    },
    {
      "path": "detect_secrets.filters.heuristic.is_lock_file"
    },
    {
      "path": "detect_secrets.filters.heuristic.is_not_alphanumeric_string"
    },
    {
      "path": "detect_secrets.filters.heuristic.is_potential_uuid"
    },
    {
      "path": "detect_secrets.filters.heuristic.is_prefixed_with_dollar_sign"
    },
    {
      "path": "detect_secrets.filters.heuristic.is_sequential_string"
    },
    {
      "path": "detect_secrets.filters.heuristic.is_swagger_file"
    },
    {
      "path": "detect_secrets.filters.heuristic.is_templated_secret"
    }
  ],
  "results": {
    ".env.example": [
      {
        "type": "Basic Auth Credentials",
        "filename": ".env.example",
        "hashed_secret": "34322ce28f21c1349f443ce9678481f8768cc289",
        "is_verified": false,
        "line_number": 22
      }
    ],
    "alembic.ini": [
      {
        "type": "Basic Auth Credentials",
        "filename": "alembic.ini",
        "hashed_secret": "34322ce28f21c1349f443ce9678481f8768cc289",
        "is_verified": false,
        "line_number": 87
      }
    ],
    "alembic/versions/0023_add_ml_tracking_tables.py": [
      {
        "type": "Hex High Entropy String",
        "filename": "alembic/versions/0023_add_ml_tracking_tables.py",
        "hashed_secret": "f40ea998cacfd2c63f31a7f1dc857712db46aa2e",
        "is_verified": false,
        "line_number": 16
      }
    ],
    "alembic/versions/b067d4e73c45_add_extended_checkpoints_2w_3w_4w.py": [
      {
        "type": "Hex High Entropy String",
        "filename": "alembic/versions/b067d4e73c45_add_extended_checkpoints_2w_3w_4w.py",
        "hashed_secret": "83d5f94103afecdb0f560cf44330afe2a965db85",
        "is_verified": false,
        "line_number": 18
      },
      {
        "type": "Hex High Entropy String",
        "filename": "alembic/versions/b067d4e73c45_add_extended_checkpoints_2w_3w_4w.py",
        "hashed_secret": "d6a86f807417a5b3924439126924a0bf144dabf6",
        "is_verified": false,
        "line_number": 19
      }
    ],
    "alembic/versions/c41e5be876d8_add_options_fields_to_candidate_trades.py": [
      {
        "type": "Hex High Entropy String",
        "filename": "alembic/versions/c41e5be876d8_add_options_fields_to_candidate_trades.py",
        "hashed_secret": "d6a86f807417a5b3924439126924a0bf144dabf6",
        "is_verified": false,
        "line_number": 16
      }
    ],
    "alembic/versions/c8607c37e339_add_greeks_at_checkpoints.py": [
      {
        "type": "Hex High Entropy String",
        "filename": "alembic/versions/c8607c37e339_add_greeks_at_checkpoints.py",
        "hashed_secret": "83d5f94103afecdb0f560cf44330afe2a965db85",
        "is_verified": false,
        "line_number": 19
      }
    ],
    "alembic/versions/d945e89a1b2c_add_silver_option_quotes.py": [
      {
        "type": "Hex High Entropy String",
        "filename": "alembic/versions/d945e89a1b2c_add_silver_option_quotes.py",
        "hashed_secret": "f40ea998cacfd2c63f31a7f1dc857712db46aa2e",
        "is_verified": false,
        "line_number": 16
      }
    ],
    "archive/2026-02-06_runner-debt-wave9/legacy_code/paper_live_harness.py": [
      {
        "type": "Secret Keyword",
        "filename": "archive/2026-02-06_runner-debt-wave9/legacy_code/paper_live_harness.py",
        "hashed_secret": "573284fda28a2fde7f65c8419e4909286a932f1c",
        "is_verified": false,
        "line_number": 10
      },
      {
        "type": "Secret Keyword",
        "filename": "archive/2026-02-06_runner-debt-wave9/legacy_code/paper_live_harness.py",
        "hashed_secret": "ee01f5d920e5692f63a38a783bbb4f893fc13131",
        "is_verified": false,
        "line_number": 11
      }
    ],
    "scripts/diagnose_data_gaps.py": [
      {
        "type": "Basic Auth Credentials",
        "filename": "scripts/diagnose_data_gaps.py",
        "hashed_secret": "5baa61e4c9b93f3f0682250b6cf8331b7ee68fd8",
        "is_verified": false,
        "line_number": 41
      },
      {
        "type": "Basic Auth Credentials",
        "filename": "scripts/diagnose_data_gaps.py",
        "hashed_secret": "afc848c316af1a89d49826c5ae9d00ed769415f3",
        "is_verified": false,
        "line_number": 42
      },
      {
        "type": "Basic Auth Credentials",
        "filename": "scripts/diagnose_data_gaps.py",
        "hashed_secret": "34322ce28f21c1349f443ce9678481f8768cc289",
        "is_verified": false,
        "line_number": 43
      }
    ],
    "src/orion/storage/db.py": [
      {
        "type": "Basic Auth Credentials",
        "filename": "src/orion/storage/db.py",
        "hashed_secret": "34322ce28f21c1349f443ce9678481f8768cc289",
        "is_verified": false,
        "line_number": 10
      }
    ],
    "tests/conftest.py": [
      {
        "type": "Secret Keyword",
        "filename": "tests/conftest.py",
        "hashed_secret": "573284fda28a2fde7f65c8419e4909286a932f1c",
        "is_verified": false,
        "line_number": 10
      },
      {
        "type": "Secret Keyword",
        "filename": "tests/conftest.py",
        "hashed_secret": "ee01f5d920e5692f63a38a783bbb4f893fc13131",
        "is_verified": false,
        "line_number": 11
      },
      {
        "type": "Secret Keyword",
        "filename": "tests/conftest.py",
        "hashed_secret": "53c68be30008b9974eebb182df926b84cadde23e",
        "is_verified": false,
        "line_number": 13
      }
    ],
    "tests/connectors/test_alpaca_market.py": [
      {
        "type": "Secret Keyword",
        "filename": "tests/connectors/test_alpaca_market.py",
        "hashed_secret": "00942f4668670f34c5943cf52c7ef3139fe2b8d6",
        "is_verified": false,
        "line_number": 11
      },
      {
        "type": "Secret Keyword",
        "filename": "tests/connectors/test_alpaca_market.py",
        "hashed_secret": "72cb70dbbafe97e5ea13ad88acd65d08389439b0",
        "is_verified": false,
        "line_number": 12
      }
    ],
    "tests/storage/test_lakehouse.py": [
      {
        "type": "Secret Keyword",
        "filename": "tests/storage/test_lakehouse.py",
        "hashed_secret": "a94a8fe5ccb19ba61c4c0873d391e987982fbbd3",
        "is_verified": false,
        "line_number": 13
      }
    ],
    "tests/unit/test_api_auth.py": [
      {
        "type": "Secret Keyword",
        "filename": "tests/unit/test_api_auth.py",
        "hashed_secret": "605ab94ad70e532c3b4c91c039edea9286d6c963",
        "is_verified": false,
        "line_number": 23
      },
      {
        "type": "Secret Keyword",
        "filename": "tests/unit/test_api_auth.py",
        "hashed_secret": "dff6d4ff5dc357cf451d1855ab9cbda562645c9f",
        "is_verified": false,
        "line_number": 27
      },
      {
        "type": "Secret Keyword",
        "filename": "tests/unit/test_api_auth.py",
        "hashed_secret": "8bc920da69bbf0db0452dc37ac397a810dd1b704",
        "is_verified": false,
        "line_number": 39
      }
    ],
    "tests/unit/test_config_centralization.py": [
      {
        "type": "Secret Keyword",
        "filename": "tests/unit/test_config_centralization.py",
        "hashed_secret": "f10317c27ca4d2ef628b2690766ceca20f8668ac",
        "is_verified": false,
        "line_number": 24
      },
      {
        "type": "Secret Keyword",
        "filename": "tests/unit/test_config_centralization.py",
        "hashed_secret": "3bcc494a068eb2eee013945c5df4e9a86e389f5c",
        "is_verified": false,
        "line_number": 37
      },
      {
        "type": "Secret Keyword",
        "filename": "tests/unit/test_config_centralization.py",
        "hashed_secret": "fa3f8556220674269a6130b0eedd21dec9c033fb",
        "is_verified": false,
        "line_number": 56
      },
      {
        "type": "Secret Keyword",
        "filename": "tests/unit/test_config_centralization.py",
        "hashed_secret": "62a68f0f30e38fe12d0b165a9ed70257d7eff985",
        "is_verified": false,
        "line_number": 141
      }
    ],
    "tests/unit/test_execution_limits.py": [
      {
        "type": "Secret Keyword",
        "filename": "tests/unit/test_execution_limits.py",
        "hashed_secret": "00942f4668670f34c5943cf52c7ef3139fe2b8d6",
        "is_verified": false,
        "line_number": 15
      }
    ],
    "tests/unit/test_gateway_contract_probe.py": [
      {
        "type": "Secret Keyword",
        "filename": "tests/unit/test_gateway_contract_probe.py",
        "hashed_secret": "3fe443e1308540964327a71c88eed33cfee93200",
        "is_verified": false,
        "line_number": 90
      },
      {
        "type": "Secret Keyword",
        "filename": "tests/unit/test_gateway_contract_probe.py",
        "hashed_secret": "48854c46907b8f99e4c4c711f3fb7336a93bc290",
        "is_verified": false,
        "line_number": 195
      }
    ],
    "tests/unit/test_risk_pnl_remediation.py": [
      {
        "type": "Secret Keyword",
        "filename": "tests/unit/test_risk_pnl_remediation.py",
        "hashed_secret": "a94a8fe5ccb19ba61c4c0873d391e987982fbbd3",
        "is_verified": false,
        "line_number": 147
      }
    ],
    "unusualwhales_openapi.yaml": [
      {
        "type": "Base64 High Entropy String",
        "filename": "unusualwhales_openapi.yaml",
        "hashed_secret": "c1d63cfeea4bcfedad9289a3b00abe4759200d24",
        "is_verified": false,
        "line_number": 904
      },
      {
        "type": "Base64 High Entropy String",
        "filename": "unusualwhales_openapi.yaml",
        "hashed_secret": "c9b93f5a38a39c6b47996c5ef73f36f10c2aa1ab",
        "is_verified": false,
        "line_number": 912
      },
      {
        "type": "Base64 High Entropy String",
        "filename": "unusualwhales_openapi.yaml",
        "hashed_secret": "c2172722037bdcb756cad84307a8e793feac7451",
        "is_verified": false,
        "line_number": 934
      },
      {
        "type": "Base64 High Entropy String",
        "filename": "unusualwhales_openapi.yaml",
        "hashed_secret": "f3cf3d64f3209133720b8429677188bc5b91bf1e",
        "is_verified": false,
        "line_number": 942
      },
      {
        "type": "Base64 High Entropy String",
        "filename": "unusualwhales_openapi.yaml",
        "hashed_secret": "e7344ad73b5aabec4124d05c25f83b1f8bdfdd75",
        "is_verified": false,
        "line_number": 950
      },
      {
        "type": "Base64 High Entropy String",
        "filename": "unusualwhales_openapi.yaml",
        "hashed_secret": "eac837cd1d2f0a301b52524453bd94149c46e1e6",
        "is_verified": false,
        "line_number": 956
      },
      {
        "type": "Base64 High Entropy String",
        "filename": "unusualwhales_openapi.yaml",
        "hashed_secret": "3f8bcdaaf0ec86aedbf373bb2a322c293b8bdbd2",
        "is_verified": false,
        "line_number": 968
      },
      {
        "type": "Base64 High Entropy String",
        "filename": "unusualwhales_openapi.yaml",
        "hashed_secret": "272811dda8b5c8fbe26f24088bd713b0a5800ed2",
        "is_verified": false,
        "line_number": 982
      }
    ]
  },
  "generated_at": "2026-03-12T21:02:49Z"
}
