/opt/homebrew/Caskroom/miniforge/base/lib/python3.12/site-packages/pytest_asyncio/plugin.py:207: PytestDeprecationWarning: The configuration option "asyncio_default_fixture_loop_scope" is unset.
The event loop scope for asynchronous fixtures will default to the fixture caching scope. Future versions of pytest-asyncio will default the loop scope for asynchronous fixtures to function scope. Set the default fixture loop scope explicitly in order to avoid unexpected behavior in the future. Valid fixture loop scopes are: "function", "class", "module", "package", "session"

  warnings.warn(PytestDeprecationWarning(_DEFAULT_FIXTURE_LOOP_SCOPE_UNSET))
tests/agents/test_eod_agent.py::test_eod_agent_mock_review_positive
tests/agents/test_eod_agent.py::test_eod_agent_mock_review_negative
tests/agents/test_eod_agent.py::test_parsing_proposals
tests/agents/test_eod_review_agent.py::test_eod_agent_mock_poor_performance
tests/agents/test_eod_review_agent.py::test_eod_agent_mock_good_performance
tests/api/test_flow_filters.py::test_flows_endpoint_supports_min_premium_filter
tests/api/test_pointer_endpoints.py::test_pointer_endpoints_return_raw_entities
tests/api/test_search_api.py::test_search_supports_tickers_premium_filters_and_pointers
tests/connectors/test_alpaca_market.py::TestAlpacaMarketConnector::test_fetch_bars_success
tests/connectors/test_alpaca_market.py::TestAlpacaMarketConnector::test_generate_event_id_deterministic
tests/connectors/test_alpaca_market.py::TestAlpacaMarketConnector::test_init
tests/connectors/test_alpaca_market.py::TestAlpacaMarketConnector::test_poll_updates_watermark
tests/connectors/test_uw_connectors.py::test_darkpool_fetch
tests/connectors/test_uw_connectors.py::test_alerts_fetch
tests/connectors/test_uw_flow.py::test_init_raises_without_api_key
tests/connectors/test_uw_flow.py::test_poll_uses_db_watermark_and_persists_updates
tests/connectors/test_uw_flow.py::test_watermark_persists_across_instances
tests/core/test_solver_deterministic.py::test_solver_deterministic_execution
tests/core/test_universe_manager.py::TestUniverseManager::test_alerts_have_longer_ttl
tests/core/test_universe_manager.py::TestUniverseManager::test_cleanup_ttl
tests/core/test_universe_manager.py::TestUniverseManager::test_held_positions_pinned
tests/core/test_universe_manager.py::TestUniverseManager::test_static_never_expires
tests/core/test_universe_manager.py::TestUniverseManager::test_update_from_config
tests/core/test_universe_manager.py::TestUniverseManager::test_update_from_event
tests/e2e/test_full_system_flow.py::test_full_system_flow
tests/e2e/test_smoke_ingest.py::test_ingest_service_smoke_run
tests/integration/test_api_endpoints.py::test_read_solvers
tests/integration/test_api_endpoints.py::test_read_solver_detail
tests/integration/test_api_endpoints.py::test_health_check
tests/integration/test_backtest_cv.py::test_backtest_run_cv_integration
tests/integration/test_circuit_breaker.py::test_circuit_breaker_blocks_trade
tests/integration/test_circuit_breaker_stale.py::test_stale_heartbeat_blocks_trade
tests/integration/test_connector_dlq.py::test_uw_flow_dlq_integration
tests/integration/test_connector_dlq.py::test_uw_darkpool_dlq_integration
tests/integration/test_data_hardening.py::test_pagination_logic
tests/integration/test_db_mock.py::test_db_session_factory_mock
tests/integration/test_db_mock.py::test_save_events_mock
tests/integration/test_execution_loop.py::test_execution_loop_flow
tests/integration/test_meta_search_data.py::test_fetch_data_silver
tests/integration/test_meta_search_flow.py::test_meta_search_flow
tests/integration/test_pipeline_ingest_to_signal.py::test_pipeline_ingest_to_signal_live_row
tests/integration/test_redpanda_robustness.py::test_redpanda_idempotence_config
tests/integration/test_redpanda_robustness.py::test_redpanda_retry_logic
tests/integration/test_redpanda_robustness.py::test_main_ingest_dlq_fallback
tests/integration/test_remediation_verify.py::test_fail_fast_solver_pipeline
tests/integration/test_remediation_verify.py::test_fail_fast_signal_engine_integration
tests/integration/test_remediation_verify.py::test_execution_engine_non_blocking_init
tests/integration/test_silver_ingest.py::test_silver_persistence_flow
tests/integration/test_silver_ingest.py::test_silver_persistence_bar
tests/integration/test_solver_router_integration.py::test_solver_router_integration
tests/processing/test_backtest_engine.py::test_backtest_simple_profit
tests/processing/test_backtest_engine.py::test_backtest_risk_block
tests/processing/test_backtest_engine.py::test_backtest_no_trades_metrics
tests/processing/test_feature_compute.py::test_compute_features_deterministic
tests/processing/test_label_engine.py::test_label_engine_upper_barrier
tests/processing/test_label_engine.py::test_label_engine_lower_barrier
tests/processing/test_label_engine.py::test_label_engine_time_barrier
tests/processing/test_normalizer.py::test_normalize_uw_flow
tests/processing/test_normalizer.py::test_normalize_alpaca_bar
tests/processing/test_rollup_builder.py::test_rollup_builder_logic
tests/processing/test_signal_engine.py::test_signal_engine_bullish_sweep
tests/processing/test_signal_engine.py::test_signal_engine_no_match
tests/processing/test_uw_flow_signals.py::test_process_uw_flow_events_adds_evidence_and_dte_and_unique_signal_ids
tests/storage/test_lakehouse.py::TestLakehouseWriter::test_write_events
tests/test_feature_engine_flow.py::test_feature_engine_integrates_flow_simple
tests/test_feature_engine_flow.py::test_feature_engine_expires_old_flow_simple
tests/test_risk_manager.py::test_risk_manager_defaults
tests/test_risk_manager.py::test_risk_manager_blocks_excessive_order_size
tests/test_risk_manager.py::test_risk_manager_blocks_daily_loss_limit
tests/test_risk_manager.py::test_check_order_max_positions_allow_existing
tests/test_risk_manager.py::test_check_order_ticker_exposure_limit
tests/test_risk_manager.py::test_check_order_max_positions_logic
tests/test_risk_manager.py::test_risk_manager_blocks_max_positions
tests/test_risk_manager.py::test_check_order_allow_risk_reduction_at_limit
tests/test_risk_manager.py::test_check_order_flip_long_to_short
tests/test_risk_manager.py::test_check_order_flip_short_to_long
tests/unit/test_backtest_cv_strictness.py::test_run_cv_raises_without_t1
tests/unit/test_backtest_cv_strictness.py::test_run_cv_passes_with_t1
tests/unit/test_baseline_fallback.py::test_baseline_solver_executes_when_selected
tests/unit/test_circuit_breaker_logic.py::test_circuit_breaker_flow
tests/unit/test_compliance_engine.py::test_signal_engine_no_v1_fallback
tests/unit/test_compliance_engine.py::test_solver_router_strict_regime_filtering
tests/unit/test_compliance_remediation.py::test_risk_manager_di
tests/unit/test_compliance_remediation.py::test_backtest_engine_solver_config
tests/unit/test_compliance_remediation.py::test_solver_router_filtering
tests/unit/test_compliance_remediation.py::test_meta_search_mutation
tests/unit/test_config_centralization.py::test_system_settings_env_mapping
tests/unit/test_config_centralization.py::test_agent_settings_env_mapping
tests/unit/test_config_centralization.py::test_eod_review_uses_config
tests/unit/test_config_ingestion.py::test_fetch_limit_config_usage
tests/unit/test_cross_validation.py::test_purged_kfold_no_overlap
tests/unit/test_cross_validation.py::test_purged_kfold_embargo
tests/unit/test_dlq_consumer.py::test_dlq_run_once_no_items
tests/unit/test_dlq_consumer.py::test_dlq_replay_success
tests/unit/test_dlq_consumer.py::test_dlq_replay_failure
tests/unit/test_drawdown_kill_switch.py::test_drawdown_kill_switch_opens_circuit_breaker
tests/unit/test_drawdown_kill_switch.py::test_drawdown_kill_switch_trips_on_initialize_when_breached
tests/unit/test_dsr.py::test_dsr_passing_n_trials
tests/unit/test_eod_agent_proposals.py::test_eod_review_writes_report_input_and_proposal
tests/unit/test_eod_wrapper.py::test_run_eod_task_wrapper
tests/unit/test_errors.py::test_error_code_enum
tests/unit/test_errors.py::test_orion_error_structure
tests/unit/test_errors.py::test_provider_error_inheritance
tests/unit/test_execution_dedupe.py::test_dedupe_fills_new
tests/unit/test_execution_engine_lag.py::test_execution_fresh_signal
tests/unit/test_execution_engine_lag.py::test_execution_stale_signal
tests/unit/test_execution_limits.py::test_execution_enforces_limit_order
tests/unit/test_execution_limits.py::test_execution_blocks_shorting
tests/unit/test_execution_limits.py::test_execution_allows_closing_short_disabled
tests/unit/test_feature_engine_persistence.py::test_solver_pipeline_uses_injected_engine
tests/unit/test_feature_engine_persistence.py::test_signal_engine_persistence
tests/unit/test_feature_engine_v2.py::test_feature_registry
tests/unit/test_feature_engine_v2.py::test_feature_engine_compute_subset
tests/unit/test_feature_engine_v2.py::test_feature_engine_unknown_set_fallback<unknown>:265: SyntaxWarning: invalid escape sequence '\w'
/Users/jacobmcmillan/Empire/Orion/src/orion/unusualwhales/api/stock/__init__.py:265: SyntaxWarning: invalid escape sequence '\w'
  `^(?<symbol>[\w]*)(?<expiry>(\d{2})(\d{2})(\d{2}))(?<type>[PC])(?<strike>\d{8})$`

tests/unit/test_feature_latency.py::test_compute_does_not_block_on_persistence
tests/unit/test_feature_persistence.py::test_persist_signal_batch
tests/unit/test_feature_persistence.py::test_fetch_signal_batch
tests/unit/test_flow_rules.py::test_bullish_sweep_match
tests/unit/test_flow_rules.py::test_bullish_sweep_no_match_premium
tests/unit/test_flow_rules.py::test_bearish_put_pressure_match
tests/unit/test_gatekeeper.py::test_research_to_shadow_promotion
tests/unit/test_gatekeeper.py::test_research_stay_maintain
tests/unit/test_gatekeeper.py::test_paper_demotion_on_dd
tests/unit/test_gatekeeper.py::test_live_promotion_rules
tests/unit/test_heartbeat_remediation.py::test_uw_flow_connector_poll_updates_db_heartbeat
tests/unit/test_heartbeat_remediation.py::test_execution_engine_health_check_integration
tests/unit/test_indexer_extended.py::test_index_meta_experiments
tests/unit/test_indexer_extended.py::test_index_solver_profiles
tests/unit/test_logging.py::test_json_formatter_structure
tests/unit/test_logging.py::test_json_formatter_exception
tests/unit/test_meta_agent.py::test_propose_edits
tests/unit/test_meta_heuristic_fallback.py::test_heuristic_fallback
tests/unit/test_meta_loop_integration.py::test_ingest_proposals
tests/unit/test_meta_loop_integration.py::test_process_pending_edits
tests/unit/test_meta_promotion.py::test_ingest_proposals_creates_db_records
tests/unit/test_meta_promotion.py::test_scan_for_promotions_upgrades_solver
tests/unit/test_meta_promotion.py::test_scan_for_promotions_demotes_solver
tests/unit/test_meta_rag.py::test_meta_search_rag_integration
tests/unit/test_meta_search.py::test_meta_search_cycle
tests/unit/test_meta_search_edits.py::test_toggle_feature_enable
tests/unit/test_meta_search_edits.py::test_toggle_feature_disable
tests/unit/test_meta_search_edits.py::test_add_rule
tests/unit/test_meta_search_edits.py::test_add_rule_duplicate
tests/unit/test_meta_search_edits.py::test_remove_rule
tests/unit/test_meta_search_edits.py::test_remove_rule_by_value_fallback
tests/unit/test_meta_search_hardening.py::test_composite_score_calculation
tests/unit/test_meta_search_hardening.py::test_composite_score_dd_penalty
tests/unit/test_meta_search_hardening.py::test_validate_config_safe
tests/unit/test_meta_search_hardening.py::test_validate_config_unsafe_risk
tests/unit/test_meta_search_hardening.py::test_apply_edit_validation_hook
tests/unit/test_metrics.py::test_sharpe_ratio
tests/unit/test_metrics.py::test_deflated_sharpe
tests/unit/test_metrics.py::test_bootstrap_p_value
tests/unit/test_monitor_system.py::test_monitor_logic
tests/unit/test_promotion_gate.py::test_promotion_gate_logic
tests/unit/test_rag_indexer.py::test_indexer_service_methods
tests/unit/test_regime_integration.py::test_signal_engine_regime_integration
tests/unit/test_remediation_v2.py::test_model_registry_load
tests/unit/test_remediation_v2.py::test_solver_pipeline_ml_inference
tests/unit/test_remediation_v2.py::test_solver_pipeline_volatility_penalty
tests/unit/test_remediation_v2.py::test_feature_engine_hydration
tests/unit/test_risk_manager_dst_repro.py::test_dst_time_handling
tests/unit/test_risk_manager_fills.py::test_process_fill_long_profit
tests/unit/test_risk_manager_fills.py::test_process_fill_long_loss
tests/unit/test_risk_manager_fills.py::test_process_fill_short_profit
tests/unit/test_risk_manager_fills.py::test_process_fill_flip
tests/unit/test_risk_manager_fills.py::test_process_fill_averaging_up
tests/unit/test_risk_manager_pnl.py::test_risk_manager_unrealized_pnl
tests/unit/test_risk_manager_strict.py::test_risk_blocks_short_when_disabled
tests/unit/test_risk_manager_strict.py::test_risk_allows_closing_long
tests/unit/test_risk_manager_strict.py::test_risk_allows_short_when_enabled
tests/unit/test_risk_override.py::test_risk_manager_respects_solver_override
tests/unit/test_risk_persistence.py::test_risk_persistence
tests/unit/test_risk_pnl_remediation.py::test_risk_manager_process_fill_opens_position
tests/unit/test_risk_pnl_remediation.py::test_risk_manager_process_fill_adds_to_position
tests/unit/test_risk_pnl_remediation.py::test_risk_manager_process_fill_closes_position_profit
tests/unit/test_risk_pnl_remediation.py::test_risk_manager_process_fill_closes_position_loss
tests/unit/test_risk_pnl_remediation.py::test_risk_manager_process_fill_short_flip
tests/unit/test_risk_pnl_remediation.py::test_execution_engine_polling_integration
tests/unit/test_risk_race.py::test_risk_manager_race_condition
tests/unit/test_risk_race.py::test_risk_manager_pending_cleared_on_fill
tests/unit/test_risk_shorting.py::test_risk_manager_shorting_disabled
tests/unit/test_risk_shorting.py::test_risk_manager_shorting_flip
tests/unit/test_risk_shorting.py::test_risk_manager_shorting_enabled
tests/unit/test_signal_fallback.py::test_signal_engine_fallback_when_router_empty
tests/unit/test_signal_preflight.py::test_preflight_rejects_when_risk_manager_rejects
tests/unit/test_signal_preflight.py::test_preflight_includes_rollup_snapshot
tests/unit/test_solver_ensemble.py::test_ensemble_decision_consensus
tests/unit/test_solver_ensemble.py::test_ensemble_decision_rejection
tests/unit/test_solver_router.py::test_select_solver_none
tests/unit/test_solver_router.py::test_select_solver_active
tests/unit/test_solver_router.py::test_select_solver_context_aware
tests/unit/test_solver_router.py::test_select_solver_regime_filtering
tests/unit/test_solver_router_fallback.py::test_select_solvers_fallback
tests/unit/test_solver_schema.py::test_edit_op_creation
tests/unit/test_solver_schema.py::test_solver_edit_creation
tests/unit/test_solver_schema.py::test_validation_failure
tests/unit/test_solver_schema.py::test_op_types_enum
tests/unit/test_solver_validation.py::test_risk_validation_limits
tests/unit/test_solver_validation.py::test_feature_set_validation
tests/unit/test_uw_socket.py::test_websocket_stream_flow
tests/unit/test_uw_socket.py::test_websocket_reconnection_logic
tests/unit/test_verify_remediation.py::TestHealthMonitor::test_heartbeat_check
tests/unit/test_verify_remediation.py::TestHealthMonitor::test_lag_check
tests/unit/test_verify_remediation.py::TestExecutionEngineSafety::test_error_rate_blocking
tests/unit/test_verify_remediation_new.py::test_session_hardening_import
tests/unit/test_verify_remediation_new.py::test_dlq_model
tests/unit/test_verify_remediation_new.py::test_risk_fail_closed
tests/unit/test_verify_remediation_new.py::test_ensemble_logic

==================================== ERRORS ====================================
________________ ERROR collecting tests/unit/test_eod_agent.py _________________
import file mismatch:
imported module 'test_eod_agent' has this __file__ attribute:
  /Users/jacobmcmillan/Empire/Orion/tests/agents/test_eod_agent.py
which is not the same as the test file we want to collect:
  /Users/jacobmcmillan/Empire/Orion/tests/unit/test_eod_agent.py
HINT: remove __pycache__ / .pyc files and/or use a unique basename for your test file modules
____________ ERROR collecting tests/unit/test_remediation_verify.py ____________
import file mismatch:
imported module 'test_remediation_verify' has this __file__ attribute:
  /Users/jacobmcmillan/Empire/Orion/tests/integration/test_remediation_verify.py
which is not the same as the test file we want to collect:
  /Users/jacobmcmillan/Empire/Orion/tests/unit/test_remediation_verify.py
HINT: remove __pycache__ / .pyc files and/or use a unique basename for your test file modules
=============================== warnings summary ===============================
../../../../opt/homebrew/Caskroom/miniforge/base/lib/python3.12/site-packages/pydantic/_internal/_config.py:323
../../../../opt/homebrew/Caskroom/miniforge/base/lib/python3.12/site-packages/pydantic/_internal/_config.py:323
  /opt/homebrew/Caskroom/miniforge/base/lib/python3.12/site-packages/pydantic/_internal/_config.py:323: PydanticDeprecatedSince20: Support for class-based `config` is deprecated, use ConfigDict instead. Deprecated in Pydantic V2.0 to be removed in V3.0. See Pydantic V2 Migration Guide at https://errors.pydantic.dev/2.11/migration/
    warnings.warn(DEPRECATION_MESSAGE, DeprecationWarning)

-- Docs: https://docs.pytest.org/en/stable/how-to/capture-warnings.html

--------- coverage: platform darwin, python 3.12.11-final-0 ----------
Name                                                                                                                                       Stmts   Miss  Cover
--------------------------------------------------------------------------------------------------------------------------------------------------------------
src/alpaca/__init__.py                                                                                                                         1      0   100%
src/alpaca/broker/__init__.py                                                                                                                  5      5     0%
src/alpaca/broker/client.py                                                                                                                  578    578     0%
src/alpaca/broker/enums.py                                                                                                                   243    243     0%
src/alpaca/broker/models/__init__.py                                                                                                           7      7     0%
src/alpaca/broker/models/accounts.py                                                                                                         115    115     0%
src/alpaca/broker/models/cip.py                                                                                                               99     99     0%
src/alpaca/broker/models/documents.py                                                                                                         64     64     0%
src/alpaca/broker/models/funding.py                                                                                                           46     46     0%
src/alpaca/broker/models/journals.py                                                                                                          26     26     0%
src/alpaca/broker/models/rebalancing.py                                                                                                       47     47     0%
src/alpaca/broker/models/trading.py                                                                                                            4      4     0%
src/alpaca/broker/requests.py                                                                                                                370    370     0%
src/alpaca/common/__init__.py                                                                                                                  6      0   100%
src/alpaca/common/constants.py                                                                                                                 8      0   100%
src/alpaca/common/enums.py                                                                                                                    37      0   100%
src/alpaca/common/exceptions.py                                                                                                               29     14    52%
src/alpaca/common/models.py                                                                                                                    8      1    88%
src/alpaca/common/requests.py                                                                                                                 35     28    20%
src/alpaca/common/rest.py                                                                                                                    153    117    24%
src/alpaca/common/types.py                                                                                                                     4      0   100%
src/alpaca/common/utils.py                                                                                                                    21     14    33%
src/alpaca/data/__init__.py                                                                                                                    5      0   100%
src/alpaca/data/enums.py                                                                                                                      65      0   100%
src/alpaca/data/historical/__init__.py                                                                                                         6      0   100%
src/alpaca/data/historical/corporate_actions.py                                                                                               23     23     0%
src/alpaca/data/historical/crypto.py                                                                                                          58     37    36%
src/alpaca/data/historical/news.py                                                                                                            14      5    64%
src/alpaca/data/historical/option.py                                                                                                          51     31    39%
src/alpaca/data/historical/screener.py                                                                                                        19      9    53%
src/alpaca/data/historical/stock.py                                                                                                           50     30    40%
src/alpaca/data/historical/utils.py                                                                                                            8      3    62%
src/alpaca/data/live/__init__.py                                                                                                               5      5     0%
src/alpaca/data/live/crypto.py                                                                                                                35     35     0%
src/alpaca/data/live/news.py                                                                                                                  11     11     0%
src/alpaca/data/live/option.py                                                                                                                17     17     0%
src/alpaca/data/live/stock.py                                                                                                                 41     41     0%
src/alpaca/data/live/websocket.py                                                                                                            206    206     0%
src/alpaca/data/mappings.py                                                                                                                    9      0   100%
src/alpaca/data/models/__init__.py                                                                                                             7      0   100%
src/alpaca/data/models/bars.py                                                                                                                30     10    67%
src/alpaca/data/models/base.py                                                                                                                28     15    46%
src/alpaca/data/models/corporate_actions.py                                                                                                  175    175     0%
src/alpaca/data/models/news.py                                                                                                                34      9    74%
src/alpaca/data/models/orderbooks.py                                                                                                          20      4    80%
src/alpaca/data/models/quotes.py                                                                                                              29      7    76%
src/alpaca/data/models/screener.py                                                                                                            21      0   100%
src/alpaca/data/models/snapshots.py                                                                                                           48     21    56%
src/alpaca/data/models/trades.py                                                                                                              66     13    80%
src/alpaca/data/requests.py                                                                                                                  115      5    96%
src/alpaca/data/timeframe.py                                                                                                                  55     23    58%
src/alpaca/trading/__init__.py                                                                                                                 5      0   100%
src/alpaca/trading/client.py                                                                                                                 193    149    23%
src/alpaca/trading/enums.py                                                                                                                  202      2    99%
src/alpaca/trading/models.py                                                                                                                 259     16    94%
src/alpaca/trading/requests.py                                                                                                               211     79    63%
src/alpaca/trading/stream.py                                                                                                                 118     90    24%
src/orion/__init__.py                                                                                                                          0      0   100%
src/orion/agents/base.py                                                                                                                       9      3    67%
src/orion/agents/eod_review_agent.py                                                                                                         339    302    11%
src/orion/agents/meta_agent.py                                                                                                                49     34    31%
src/orion/agents/meta_search_agent.py                                                                                                        424    392     8%
src/orion/agents/proposal_builder.py                                                                                                          54     44    19%
src/orion/analysis/__init__.py                                                                                                                 0      0   100%
src/orion/analysis/cross_validation.py                                                                                                        36     30    17%
src/orion/analysis/metrics.py                                                                                                                 44     37    16%
src/orion/analysis/regime.py                                                                                                                  47     27    43%
src/orion/api/__init__.py                                                                                                                      0      0   100%
src/orion/api/auth.py                                                                                                                          8      5    38%
src/orion/api/deps.py                                                                                                                          6      2    67%
src/orion/api/main.py                                                                                                                        189    135    29%
src/orion/api/schemas.py                                                                                                                      50      0   100%
src/orion/audit_gold.py                                                                                                                       26     26     0%
src/orion/audit_silver.py                                                                                                                     23     23     0%
src/orion/check_pgvector.py                                                                                                                   19     19     0%
src/orion/config.py                                                                                                                           43      0   100%
src/orion/connectors/__init__.py                                                                                                               5      0   100%
src/orion/connectors/alpaca_market_connector.py                                                                                               89     70    21%
src/orion/connectors/alpaca_trading_connector.py                                                                                              40     27    32%
src/orion/connectors/base.py                                                                                                                   8      8     0%
src/orion/connectors/redpanda_producer.py                                                                                                     41     24    41%
src/orion/connectors/uw_alerts_connector.py                                                                                                   94     75    20%
src/orion/connectors/uw_darkpool_connector.py                                                                                                103     84    18%
src/orion/connectors/uw_flow_connector.py                                                                                                    167    139    17%
src/orion/connectors/uw_socket_connector.py                                                                                                   71     52    27%
src/orion/core/__init__.py                                                                                                                     0      0   100%
src/orion/core/circuit_breaker.py                                                                                                             55     39    29%
src/orion/core/errors.py                                                                                                                      43      4    91%
src/orion/core/evaluation_harness.py                                                                                                          63     63     0%
src/orion/core/feature_registry.py                                                                                                            17      3    82%
src/orion/core/health_monitor.py                                                                                                              56     42    25%
src/orion/core/id_utils.py                                                                                                                    10      4    60%
src/orion/core/logging_config.py                                                                                                              27     19    30%
src/orion/core/meta_logging.py                                                                                                                 7      2    71%
src/orion/core/model_registry.py                                                                                                              38     24    37%
src/orion/core/offline_gym.py                                                                                                                  5      5     0%
src/orion/core/promotion_rules.py                                                                                                             36     13    64%
src/orion/core/rule_registry.py                                                                                                               11      2    82%
src/orion/core/solver_dsl.py                                                                                                                  82     32    61%
src/orion/core/solver_executor.py                                                                                                             56     47    16%
src/orion/core/solver_router.py                                                                                                              120    100    17%
src/orion/core/solver_schema.py                                                                                                              100     12    88%
src/orion/core/solver_validation.py                                                                                                           15      7    53%
src/orion/core/timekeeping.py                                                                                                                 28     15    46%
src/orion/core/universe_manager.py                                                                                                            46     33    28%
src/orion/execution/execution_engine.py                                                                                                      316    288     9%
src/orion/execution/risk_manager.py                                                                                                          255    234     8%
src/orion/execution/signal_preflight.py                                                                                                       85     68    20%
src/orion/jobs/dlq_consumer.py                                                                                                               104     86    17%
src/orion/jobs/monitor_system.py                                                                                                              56     40    29%
src/orion/main_execution.py                                                                                                                  142    117    18%
src/orion/main_ingest.py                                                                                                                     282    234    17%
src/orion/main_rollups.py                                                                                                                     21     21     0%
src/orion/paper_live_harness.py                                                                                                               90     90     0%
src/orion/processing/backtest_engine.py                                                                                                      131    113    14%
src/orion/processing/deduper.py                                                                                                               27     17    37%
src/orion/processing/feature_engine.py                                                                                                       271    246     9%
src/orion/processing/ingest_pipeline.py                                                                                                       37     29    22%
src/orion/processing/label_engine.py                                                                                                          61     55    10%
src/orion/processing/normalizer.py                                                                                                            64     46    28%
src/orion/processing/persistence.py                                                                                                           78     64    18%
src/orion/processing/rollup_builder.py                                                                                                        51     39    24%
src/orion/processing/rule_engine.py                                                                                                           29     19    34%
src/orion/processing/rules/base.py                                                                                                            43     32    26%
src/orion/processing/rules/flow_rules.py                                                                                                      62     51    18%
src/orion/processing/rules/rsi_rule.py                                                                                                        18     11    39%
src/orion/processing/signal_engine.py                                                                                                         82     63    23%
src/orion/query_events.py                                                                                                                     23     23     0%
src/orion/rag/embeddings.py                                                                                                                   25     15    40%
src/orion/rag/indexer.py                                                                                                                     110     87    21%
src/orion/rag/vector_store.py                                                                                                                 94     79    16%
src/orion/rag_search.py                                                                                                                       18     18     0%
src/orion/run_agent.py                                                                                                                        54     54     0%
src/orion/shared/dlq_utils.py                                                                                                                 35     23    34%
src/orion/shared/logger.py                                                                                                                    51     21    59%
src/orion/shared/utils.py                                                                                                                     24     19    21%
src/orion/storage/__init__.py                                                                                                                  0      0   100%
src/orion/storage/db.py                                                                                                                       27      9    67%
src/orion/storage/lakehouse.py                                                                                                                46     34    26%
src/orion/storage/models.py                                                                                                                   33      1    97%
src/orion/storage/models_audit.py                                                                                                             16      0   100%
src/orion/storage/models_dlq.py                                                                                                               26      1    96%
src/orion/storage/models_execution.py                                                                                                         44     44     0%
src/orion/storage/models_gold.py                                                                                                              98      0   100%
src/orion/storage/models_rag.py                                                                                                               14      0   100%
src/orion/storage/models_risk.py                                                                                                              19      0   100%
src/orion/storage/models_signals.py                                                                                                           22      0   100%
src/orion/storage/models_silver.py                                                                                                            82      0   100%
src/orion/storage/models_solvers.py                                                                                                          107      4    96%
src/orion/storage/models_trade_journal.py                                                                                                     25      0   100%
src/orion/storage/watermarks.py                                                                                                               29     20    31%
src/orion/unusualwhales/__init__.py                                                                                                            3      0   100%
src/orion/unusualwhales/__version__.py                                                                                                         1      1     0%
src/orion/unusualwhales/api/__init__.py                                                                                                        2      0   100%
src/orion/unusualwhales/api/alerts/__init__.py                                                                                                 9      2    78%
src/orion/unusualwhales/api/alerts/get_alerts.py                                                                                              35     22    37%
src/orion/unusualwhales/api/alerts/get_configurations.py                                                                                      30     17    43%
src/orion/unusualwhales/api/congress/__init__.py                                                                                              15      4    73%
src/orion/unusualwhales/api/congress/get_late_reports.py                                                                                      45     30    33%
src/orion/unusualwhales/api/congress/get_reports.py                                                                                           45     30    33%
src/orion/unusualwhales/api/congress/get_trades.py                                                                                            45     30    33%
src/orion/unusualwhales/api/congress/get_trades_by_member.py                                                                                  46     31    33%
src/orion/unusualwhales/api/contract/__init__.py                                                                                               6      1    83%
src/orion/unusualwhales/api/contract/get_price_history.py                                                                                     44     29    34%
src/orion/unusualwhales/api/darkpool/__init__.py                                                                                               9      2    78%
src/orion/unusualwhales/api/darkpool/get_trades_by_date.py                                                                                    45     30    33%
src/orion/unusualwhales/api/darkpool/get_trades_by_ticker.py                                                                                  45     30    33%
src/orion/unusualwhales/api/earnings/__init__.py                                                                                              12      3    75%
src/orion/unusualwhales/api/earnings/get_afterhours.py                                                                                        44     29    34%
src/orion/unusualwhales/api/earnings/get_premarket.py                                                                                         44     29    34%
src/orion/unusualwhales/api/earnings/get_ticker_earnings.py                                                                                   41     26    37%
src/orion/unusualwhales/api/endpoints.py                                                                                                      70     17    76%
src/orion/unusualwhales/api/etfs/__init__.py                                                                                                  15      4    73%
src/orion/unusualwhales/api/etfs/get_holdings.py                                                                                              34     20    41%
src/orion/unusualwhales/api/etfs/get_info.py                                                                                                  41     26    37%
src/orion/unusualwhales/api/etfs/get_sector_country_weights.py                                                                                41     26    37%
src/orion/unusualwhales/api/etfs/get_ticker_exposure.py                                                                                       34     20    41%
src/orion/unusualwhales/api/flow/__init__.py                                                                                                  24      7    71%
src/orion/unusualwhales/api/flow/get_contract_flow.py                                                                                         51     35    31%
src/orion/unusualwhales/api/flow/get_flow_by_expiry.py                                                                                        34     20    41%
src/orion/unusualwhales/api/flow/get_flow_by_strike.py                                                                                        41     26    37%
src/orion/unusualwhales/api/flow/get_full_tape.py                                                                                             28     17    39%
src/orion/unusualwhales/api/flow/get_order_flow.py                                                                                            49     33    33%
src/orion/unusualwhales/api/flow/get_ticker_order_flow.py                                                                                     81     64    21%
src/orion/unusualwhales/api/flow/get_unusual_flow_alerts.py                                                                                   44     29    34%
src/orion/unusualwhales/api/group_flow/__init__.py                                                                                             9      2    78%
src/orion/unusualwhales/api/group_flow/get_greek_flow.py                                                                                      36     22    39%
src/orion/unusualwhales/api/group_flow/get_greek_flow_by_expiry.py                                                                            36     22    39%
src/orion/unusualwhales/api/institutions/__init__.py                                                                                          21      6    71%
src/orion/unusualwhales/api/institutions/get_activity.py                                                                                      30     17    43%
src/orion/unusualwhales/api/institutions/get_holdings.py                                                                                      30     17    43%
src/orion/unusualwhales/api/institutions/get_institutions_list.py                                                                             30     17    43%
src/orion/unusualwhales/api/institutions/get_latest_filings.py                                                                                30     17    43%
src/orion/unusualwhales/api/institutions/get_ownership.py                                                                                     30     17    43%
src/orion/unusualwhales/api/institutions/get_sector_exposure.py                                                                               30     17    43%
src/orion/unusualwhales/api/market/__init__.py                                                                                                36     11    69%
src/orion/unusualwhales/api/market/get_economic_calendar.py                                                                                   37     23    38%
src/orion/unusualwhales/api/market/get_fda_calendar.py                                                                                        37     23    38%
src/orion/unusualwhales/api/market/get_holidays.py                                                                                            37     23    38%
src/orion/unusualwhales/api/market/get_imbalances.py                                                                                          37     23    38%
src/orion/unusualwhales/api/market/get_insider_trades.py                                                                                      44     29    34%
src/orion/unusualwhales/api/market/get_market_options_volume.py                                                                               44     29    34%
src/orion/unusualwhales/api/market/get_market_tide.py                                                                                         46     31    33%
src/orion/unusualwhales/api/market/get_market_tide_by_etf.py                                                                                  44     29    34%
src/orion/unusualwhales/api/market/get_open_interest_change.py                                                                                43     28    35%
src/orion/unusualwhales/api/market/get_sector_stats.py                                                                                        37     23    38%
src/orion/unusualwhales/api/market/get_spike.py                                                                                               44     29    34%
src/orion/unusualwhales/api/net_flow/__init__.py                                                                                               6      1    83%
src/orion/unusualwhales/api/net_flow/get_expiry.py                                                                                            37     24    35%
src/orion/unusualwhales/api/news/__init__.py                                                                                                   6      1    83%
src/orion/unusualwhales/api/news/get_headlines.py                                                                                             30     17    43%
src/orion/unusualwhales/api/politician_portfolios/__init__.py                                                                                 15      4    73%
src/orion/unusualwhales/api/politician_portfolios/get_holders_by_ticker.py                                                                    30     17    43%
src/orion/unusualwhales/api/politician_portfolios/get_politicians_list.py                                                                     30     17    43%
src/orion/unusualwhales/api/politician_portfolios/get_portfolio.py                                                                            30     17    43%
src/orion/unusualwhales/api/politician_portfolios/get_recent_trades.py                                                                        36     22    39%
src/orion/unusualwhales/api/screener/__init__.py                                                                                              12      3    75%
src/orion/unusualwhales/api/screener/get_analyst_ratings.py                                                                                   60     42    30%
src/orion/unusualwhales/api/screener/get_option_contracts.py                                                                                 106     86    19%
src/orion/unusualwhales/api/screener/get_stocks.py                                                                                           124    105    15%
src/orion/unusualwhales/api/seasonality/__init__.py                                                                                           15      4    73%
src/orion/unusualwhales/api/seasonality/get_market_average_returns_by_month.py                                                                37     23    38%
src/orion/unusualwhales/api/seasonality/get_monthly_average_returns.py                                                                        41     26    37%
src/orion/unusualwhales/api/seasonality/get_monthly_top_performers.py                                                                         59     41    31%
src/orion/unusualwhales/api/seasonality/get_price_changes_by_month_and_year.py                                                                41     26    37%
src/orion/unusualwhales/api/shorts/__init__.py                                                                                                18      5    72%
src/orion/unusualwhales/api/shorts/get_ftds.py                                                                                                36     22    39%
src/orion/unusualwhales/api/shorts/get_interest_float.py                                                                                      30     17    43%
src/orion/unusualwhales/api/shorts/get_short_data.py                                                                                          30     17    43%
src/orion/unusualwhales/api/shorts/get_volume_and_ratio.py                                                                                    30     17    43%
src/orion/unusualwhales/api/shorts/get_volumes_by_exchange.py                                                                                 30     17    43%
src/orion/unusualwhales/api/stock/__init__.py                                                                                                 75     24    68%
src/orion/unusualwhales/api/stock/get_atm_option_contracts_for_expiries.py                                                                    44     29    34%
src/orion/unusualwhales/api/stock/get_candles.py                                                                                              47     31    34%
src/orion/unusualwhales/api/stock/get_daily_expiry_breakdown.py                                                                               44     29    34%
src/orion/unusualwhales/api/stock/get_greek_exposure.py                                                                                       45     30    33%
src/orion/unusualwhales/api/stock/get_greek_exposure_by_expiry.py                                                                             44     29    34%
src/orion/unusualwhales/api/stock/get_greek_exposure_by_strike.py                                                                             44     29    34%
src/orion/unusualwhales/api/stock/get_greek_exposure_by_strike_expiry.py                                                                      45     30    33%
src/orion/unusualwhales/api/stock/get_greeks_by_strike_expiry.py                                                                              45     30    33%
src/orion/unusualwhales/api/stock/get_info.py                                                                                                 45     29    36%
src/orion/unusualwhales/api/stock/get_insider_trades.py                                                                                       41     26    37%
src/orion/unusualwhales/api/stock/get_max_pain.py                                                                                             41     26    37%
src/orion/unusualwhales/api/stock/get_net_premium_ticks.py                                                                                    44     29    34%
src/orion/unusualwhales/api/stock/get_open_interest_change.py                                                                                 43     28    35%
src/orion/unusualwhales/api/stock/get_option_chains.py                                                                                        44     29    34%
src/orion/unusualwhales/api/stock/get_option_contracts.py                                                                                     51     36    29%
src/orion/unusualwhales/api/stock/get_option_volume_by_price_level.py                                                                         44     29    34%
src/orion/unusualwhales/api/stock/get_options_volume.py                                                                                       44     29    34%
src/orion/unusualwhales/api/stock/get_risk_reversal_skew.py                                                                                   47     32    32%
src/orion/unusualwhales/api/stock/get_sector_tickers.py                                                                                       42     26    38%
src/orion/unusualwhales/api/stock/get_spot_exposures.py                                                                                       44     29    34%
src/orion/unusualwhales/api/stock/get_spot_exposures_by_strike.py                                                                             44     29    34%
src/orion/unusualwhales/api/stock/get_volatility_term_structure.py                                                                            44     29    34%
src/orion/unusualwhales/api/stock/get_volume_by_price_level.py                                                                                44     29    34%
src/orion/unusualwhales/api/stock/get_volume_open_interest_by_expiry.py                                                                       44     29    34%
src/orion/unusualwhales/client.py                                                                                                             65     35    46%
src/orion/unusualwhales/errors.py                                                                                                              6      3    50%
src/orion/unusualwhales/models/__init__.py                                                                                                   120      0   100%
src/orion/unusualwhales/models/analalyst_rating_results.py                                                                                    45     27    40%
src/orion/unusualwhales/models/analyst_action.py                                                                                               9      1    89%
src/orion/unusualwhales/models/analyst_field_action.py                                                                                         9      1    89%
src/orion/unusualwhales/models/analyst_field_recommendation.py                                                                                 7      1    86%
src/orion/unusualwhales/models/analyst_rating.py                                                                                              98     68    31%
src/orion/unusualwhales/models/analyst_recommendation.py                                                                                       7      1    86%
src/orion/unusualwhales/models/analyst_sector.py                                                                                              14      1    93%
src/orion/unusualwhales/models/candle_data.py                                                                                                 81     54    33%
src/orion/unusualwhales/models/candle_data_results.py                                                                                         45     27    40%
src/orion/unusualwhales/models/candle_size.py                                                                                                 11      1    91%
src/orion/unusualwhales/models/congressional_trade_report.py                                                                                  87     59    32%
src/orion/unusualwhales/models/congressional_trade_report_results.py                                                                          45     27    40%
src/orion/unusualwhales/models/country_sector_exposure.py                                                                                     60     41    32%
src/orion/unusualwhales/models/daily_market_tide.py                                                                                           50     29    42%
src/orion/unusualwhales/models/daily_market_tide_response.py                                                                                  45     27    40%
src/orion/unusualwhales/models/darkpool_trade.py                                                                                             139    101    27%
src/orion/unusualwhales/models/darkpool_trade_response.py                                                                                     45     27    40%
src/orion/unusualwhales/models/earnings.py                                                                                                   125     89    29%
src/orion/unusualwhales/models/earnings_results.py                                                                                            45     27    40%
src/orion/unusualwhales/models/economic_calendar.py                                                                                           66     42    36%
src/orion/unusualwhales/models/economic_type.py                                                                                                7      1    86%
src/orion/unusualwhales/models/error_message.py                                                                                               50     29    42%
src/orion/unusualwhales/models/error_message_stating_that_the_requested_element_was_not_found_causing_an_empty_result_to_be_generated.py      28     12    57%
src/orion/unusualwhales/models/etf_countries_item.py                                                                                          40     21    48%
src/orion/unusualwhales/models/etf_info.py                                                                                                    46     27    41%
src/orion/unusualwhales/models/etf_info_data.py                                                                                              100     69    31%
src/orion/unusualwhales/models/etf_sectors_item.py                                                                                            40     21    48%
src/orion/unusualwhales/models/expiry_breakdown.py                                                                                            50     29    42%
src/orion/unusualwhales/models/expiry_breakdown_result.py                                                                                     45     27    40%
src/orion/unusualwhales/models/fda_calendar.py                                                                                                70     45    36%
src/orion/unusualwhales/models/flow_alert.py                                                                                                 151    110    27%
src/orion/unusualwhales/models/flow_alert_results.py                                                                                          45     27    40%
src/orion/unusualwhales/models/flow_alert_rule.py                                                                                             14      1    93%
src/orion/unusualwhales/models/flow_per_expiry.py                                                                                            145    105    28%
src/orion/unusualwhales/models/flow_per_expiry_results.py                                                                                     45     27    40%
src/orion/unusualwhales/models/flow_per_strike.py                                                                                            145    105    28%
src/orion/unusualwhales/models/flow_per_strike_results.py                                                                                     45     27    40%
src/orion/unusualwhales/models/greek_exposure.py                                                                                              75     49    35%
src/orion/unusualwhales/models/greek_exposure_by_strike.py                                                                                    75     49    35%
src/orion/unusualwhales/models/greek_exposure_by_strike_and_expiry.py                                                                         80     53    34%
src/orion/unusualwhales/models/greek_exposure_by_strike_and_expiry_results.py                                                                 45     27    40%
src/orion/unusualwhales/models/greek_exposure_by_strike_results.py                                                                            45     27    40%
src/orion/unusualwhales/models/greek_exposure_results.py                                                                                      45     27    40%
src/orion/unusualwhales/models/greeks.py                                                                                                     130     93    28%
src/orion/unusualwhales/models/historical_risk_reversal_skew.py                                                                               45     25    44%
src/orion/unusualwhales/models/historical_risk_reversal_skew_results.py                                                                       45     27    40%
src/orion/unusualwhales/models/holdings.py                                                                                                   131     94    28%
src/orion/unusualwhales/models/holdings_response.py                                                                                           41     23    44%
src/orion/unusualwhales/models/imbalances_volume.py                                                                                           73     48    34%
src/orion/unusualwhales/models/implied_volatility_term_structure.py                                                                           60     37    38%
src/orion/unusualwhales/models/implied_volatility_term_structure_results.py                                                                   45     27    40%
src/orion/unusualwhales/models/insider_statistic.py                                                                                           55     33    40%
src/orion/unusualwhales/models/insider_statistics.py                                                                                          45     27    40%
src/orion/unusualwhales/models/insider_trades_member_type.py                                                                                   7      1    86%
src/orion/unusualwhales/models/insider_trades_transaction_type.py                                                                             12      1    92%
src/orion/unusualwhales/models/market_general_imbalance_event.py                                                                               6      1    83%
src/orion/unusualwhales/models/market_general_imbalance_side.py                                                                                6      1    83%
src/orion/unusualwhales/models/market_general_imbalance_type.py                                                                                8      1    88%
src/orion/unusualwhales/models/market_general_market_time.py                                                                                   7      1    86%
src/orion/unusualwhales/models/market_general_sector.py                                                                                       15      1    93%
src/orion/unusualwhales/models/market_holidays.py                                                                                             47     27    43%
src/orion/unusualwhales/models/market_options_volume.py                                                                                       55     33    40%
src/orion/unusualwhales/models/market_sector_ticker_results.py                                                                                37     19    49%
src/orion/unusualwhales/models/max_pain.py                                                                                                    49     30    39%
src/orion/unusualwhales/models/max_pain_results.py                                                                                            45     27    40%
src/orion/unusualwhales/models/net_prem_tick.py                                                                                               55     33    40%
src/orion/unusualwhales/models/net_prem_tick_results.py                                                                                       45     27    40%
src/orion/unusualwhales/models/off_lit_price_level.py                                                                                         45     25    44%
src/orion/unusualwhales/models/off_lit_price_level_results.py                                                                                 45     27    40%
src/orion/unusualwhales/models/oi_change.py                                                                                                  145    105    28%
src/orion/unusualwhales/models/oi_change_results.py                                                                                           45     27    40%
src/orion/unusualwhales/models/option_chain_contract.py                                                                                      140    101    28%
src/orion/unusualwhales/models/option_chain_contract_results.py                                                                               45     27    40%
src/orion/unusualwhales/models/option_chains_results.py                                                                                       37     19    49%
src/orion/unusualwhales/models/option_contract.py                                                                                            135     97    28%
src/orion/unusualwhales/models/option_contract_results.py                                                                                     45     27    40%
src/orion/unusualwhales/models/option_contract_screener_item.py                                                                              189    140    26%
src/orion/unusualwhales/models/option_contract_screener_results.py                                                                            45     27    40%
src/orion/unusualwhales/models/option_contract_type.py                                                                                         6      1    83%
src/orion/unusualwhales/models/option_price_level.py                                                                                          45     25    44%
src/orion/unusualwhales/models/option_price_level_results.py                                                                                  45     27    40%
src/orion/unusualwhales/models/option_type.py                                                                                                  6      1    83%
src/orion/unusualwhales/models/order_direction.py                                                                                              6      1    83%
src/orion/unusualwhales/models/screener_contract_order_by_field.py                                                                            30      1    97%
src/orion/unusualwhales/models/screener_order_by_field.py                                                                                     39      1    97%
src/orion/unusualwhales/models/seasonality_market.py                                                                                          75     49    35%
src/orion/unusualwhales/models/seasonality_market_results.py                                                                                  45     27    40%
src/orion/unusualwhales/models/seasonality_monthly.py                                                                                         70     45    36%
src/orion/unusualwhales/models/seasonality_monthly_results.py                                                                                 41     23    44%
src/orion/unusualwhales/models/seasonality_performance_order_by.py                                                                            13      1    92%
src/orion/unusualwhales/models/seasonality_performers.py                                                                                      91     62    32%
src/orion/unusualwhales/models/seasonality_performers_results.py                                                                              45     27    40%
src/orion/unusualwhales/models/seasonality_year_month.py                                                                                      55     33    40%
src/orion/unusualwhales/models/seasonality_year_month_results.py                                                                              55     33    40%
src/orion/unusualwhales/models/sector.py                                                                                                      15      1    93%
src/orion/unusualwhales/models/sector_etf.py                                                                                                 145    105    28%
src/orion/unusualwhales/models/sector_etf_results.py                                                                                          44     26    41%
src/orion/unusualwhales/models/side.py                                                                                                         8      1    88%
src/orion/unusualwhales/models/single_issue_type.py                                                                                            8      1    88%
src/orion/unusualwhales/models/single_month_number.py                                                                                         16      1    94%
src/orion/unusualwhales/models/single_sector.py                                                                                               15      1    93%
src/orion/unusualwhales/models/single_trade_external_hour_sold_code.py                                                                         7      1    86%
src/orion/unusualwhales/models/single_trade_sale_cond_code.py                                                                                  8      1    88%
src/orion/unusualwhales/models/single_trade_settlement.py                                                                                      8      1    88%
src/orion/unusualwhales/models/single_trade_trade_code.py                                                                                      7      1    86%
src/orion/unusualwhales/models/spike_value.py                                                                                                 40     21    48%
src/orion/unusualwhales/models/spot_gex_exposures_per_1_min.py                                                                                80     53    34%
src/orion/unusualwhales/models/spot_gex_exposures_per_1_min_results.py                                                                        45     27    40%
src/orion/unusualwhales/models/spot_greek_exposures_by_strike.py                                                                             105     73    30%
src/orion/unusualwhales/models/spot_greek_exposures_by_strike_results.py                                                                      45     27    40%
src/orion/unusualwhales/models/stock_earnings_time.py                                                                                          7      1    86%
src/orion/unusualwhales/models/stock_issue_type.py                                                                                             8      1    88%
src/orion/unusualwhales/models/stock_screener_response.py                                                                                    280    214    24%
src/orion/unusualwhales/models/stock_screener_response_results.py                                                                             45     27    40%
src/orion/unusualwhales/models/ticker_info.py                                                                                                115     81    30%
src/orion/unusualwhales/models/ticker_info_results.py                                                                                         41     23    44%
src/orion/unusualwhales/models/ticker_options_volume.py                                                                                      135     97    28%
src/orion/unusualwhales/models/volume_oi_per_expiry.py                                                                                        45     25    44%
src/orion/unusualwhales/models/volume_oi_per_expiry_results.py                                                                                45     27    40%
src/orion/unusualwhales/types.py                                                                                                              23      2    91%
--------------------------------------------------------------------------------------------------------------------------------------------------------------
TOTAL                                                                                                                                      20862  13788    34%

=========================== short test summary info ============================
ERROR tests/unit/test_eod_agent.py
ERROR tests/unit/test_remediation_verify.py
!!!!!!!!!!!!!!!!!!! Interrupted: 2 errors during collection !!!!!!!!!!!!!!!!!!!!
209 tests collected, 2 errors in 3.36s
